00:12:30 **** Incremental Build of configuration Debug for project lab5 ****
make -j8 all 
arm-none-eabi-gcc "../Core/Src/main.c" -mcpu=cortex-m3 -std=gnu11 -g3 -DDEBUG -DUSE_HAL_DRIVER -DSTM32F103x6 -c -I../Core/Inc -I../Drivers/STM32F1xx_HAL_Driver/Inc/Legacy -I../Drivers/STM32F1xx_HAL_Driver/Inc -I../Drivers/CMSIS/Device/ST/STM32F1xx/Include -I../Drivers/CMSIS/Include -O0 -ffunction-sections -fdata-sections -Wall -fstack-usage -MMD -MP -MF"Core/Src/main.d" -MT"Core/Src/main.o" --specs=nano.specs -mfloat-abi=soft -mthumb -o "Core/Src/main.o"
arm-none-eabi-gcc -o "lab5.elf" @"objects.list"   -mcpu=cortex-m3 -T"C:\Users\HP PV\STM32CubeIDE\lab5\lab5\STM32F103C6UX_FLASH.ld" --specs=nosys.specs -Wl,-Map="lab5.map" -Wl,--gc-sections -static --specs=nano.specs -mfloat-abi=soft -mthumb -Wl,--start-group -lc -lm -Wl,--end-group
Finished building target: lab5.elf
 
arm-none-eabi-size   lab5.elf 
arm-none-eabi-objdump -h -S  lab5.elf  > "lab5.list"
arm-none-eabi-objcopy  -O ihex  lab5.elf  "lab5.hex"
arm-none-eabi-objcopy  -O binary  lab5.elf  "lab5.bin"
   text	   data	    bss	    dec	    hex	filename
  18648	    124	   1900	  20672	   50c0	lab5.elf
Finished building: default.size.stdout
 
Finished building: lab5.bin
Finished building: lab5.hex
 
 
Finished building: lab5.list
 
